python : Traceback (most recent call last):
At line:1 char:60
+ ... ct_nautilus" ; python -m logic.manager 2>&1 > test_output.txt ; Get-C ...
+                    ~~~~~~~~~~~~~~~~~~~~~~~~~~~~~~~~~~~~~~~~~~~~~~
    + CategoryInfo          : NotSpecified: (Traceback (most recent call last) 
   ::String) [], RemoteException
    + FullyQualifiedErrorId : NativeCommandError
 
  File "<frozen runpy>", line 198, in _run_module_as_main
  File "<frozen runpy>", line 88, in _run_code
  File "C:\Users\Gonzalez Family\Documents\project_nautilus\logic\manager.py", 
line 740, in <module>
    print("\u2705 Disclaimer injected!")
    ~~~~~^^^^^^^^^^^^^^^^^^^^^^^^^^^
  File "C:\Users\Gonzalez 
Family\AppData\Local\Programs\Python\Python313\Lib\encodings\cp1252.py", line 
19, in encode
    return codecs.charmap_encode(input,self.errors,encoding_table)[0]
           ~~~~~~~~~~~~~~~~~~~~~^^^^^^^^^^^^^^^^^^^^^^^^^^^^^^^^^^
UnicodeEncodeError: 'charmap' codec can't encode character '\u2705' in 
position 0: character maps to <undefined>

--- MANAGER SMOKE TEST ---

[TEST 1] Identity Gate
Response: Great, I can help with that.
Please tell me the title and manufacturer of your g...

[TEST 2] Discovery & Session Lock
Discovery result: Session locked. Mode: PRO. Machine: EIGHT BALL.
Session locked: True
Mode: pro

[TEST 3] Safety Interrupt Trigger
Response: [PO GLOBAL]: Safety Interrupt (0C.S1). High voltage risk. Verify power is OFF.

[TEST 4] Coin Door Violation Check
Response: Coin door access is limited to the interlock switch, service buttons, and lockdown bar release.

To access fuses, connectors, or components under the playfield, you'll need to remove the glass and raise the playfield.

Do you know how to do that, or do you need instructions?


[TEST 5] Normal Diagnostic (Post-Lock)
Response: 
[PD PRO MODE]: I didn't recognize the specific symptom.
Could you tell me what's not working? For e...

--- MANAGER SMOKE TEST ---

[TEST 1] Identity Gate
Response: Great, I can help with that.
Please tell me the title and manufacturer of your g...

[TEST 2] Discovery & Session Lock
Discovery result: Session locked. Mode: PRO. Machine: EIGHT BALL.
Session locked: True
Mode: pro

[TEST 3] Safety Interrupt Trigger
Response: [PO GLOBAL]: Safety Interrupt (0C.S1). High voltage risk. Verify power is OFF.

[TEST 4] Coin Door Violation Check
Response: Coin door access is limited to the interlock switch, service buttons, and lockdown bar release.

To access fuses, connectors, or components under the playfield, you'll need to remove the glass and raise the playfield.

Do you know how to do that, or do you need instructions?


[TEST 5] Normal Diagnostic (Post-Lock)
Response: 
[PD PRO MODE]: I didn't recognize the specific symptom.
Could you tell me what's not working? For e...

[TEST 6] Disclaimer Trigger (Meter Mention)
